// Vitest Snapshot v1, https://vitest.dev/guide/snapshot.html

exports[`votingdapp > should match the IDL 1`] = `
{
  "accounts": [
    {
      "discriminator": [
        110,
        234,
        167,
        188,
        231,
        136,
        153,
        111,
      ],
      "name": "Poll",
    },
  ],
  "address": "JAVuBXeBZqXNtS73azhBDAoYaaAFfo4gWXoZe2e7Jf8H",
  "instructions": [
    {
      "accounts": [
        {
          "name": "signer",
          "signer": true,
          "writable": true,
        },
        {
          "name": "poll",
          "pda": {
            "seeds": [
              {
                "kind": "arg",
                "path": "poll_id",
              },
            ],
          },
          "writable": true,
        },
        {
          "address": "11111111111111111111111111111111",
          "name": "system_program",
        },
      ],
      "args": [
        {
          "name": "poll_id",
          "type": "u64",
        },
        {
          "name": "description",
          "type": "string",
        },
        {
          "name": "poll_start",
          "type": "u64",
        },
        {
          "name": "poll_end",
          "type": "u64",
        },
        {
          "name": "canditate_amount",
          "type": "u64",
        },
      ],
      "discriminator": [
        193,
        22,
        99,
        197,
        18,
        33,
        115,
        117,
      ],
      "name": "initialize_poll",
    },
  ],
  "metadata": {
    "description": "Created with Anchor",
    "name": "votingdapp",
    "spec": "0.1.0",
    "version": "0.1.0",
  },
  "types": [
    {
      "name": "Poll",
      "type": {
        "fields": [
          {
            "name": "poll_id",
            "type": "u64",
          },
          {
            "name": "description",
            "type": "string",
          },
          {
            "name": "poll_start",
            "type": "u64",
          },
          {
            "name": "poll_end",
            "type": "u64",
          },
          {
            "name": "canditate_amount",
            "type": "u64",
          },
        ],
        "kind": "struct",
      },
    },
  ],
}
`;
